gcc -g p6original.c
 gbd a.out
bash: gbd: command not found
 gdb a.out
GNU gdb (Ubuntu 8.1.1-0ubuntu1) 8.1.1
Copyright (C) 2018 Free Software Foundation, Inc.
License GPLv3+: GNU GPL version 3 or later <http://gnu.org/licenses/gpl.html>
This is free software: you are free to change and redistribute it.
There is NO WARRANTY, to the extent permitted by law.  Type "show copying"
and "show warranty" for details.
This GDB was configured as "x86_64-linux-gnu".
Type "show configuration" for configuration details.
For bug reporting instructions, please see:
<http://www.gnu.org/software/gdb/bugs/>.
Find the GDB manual and other documentation resources online at:
<http://www.gnu.org/software/gdb/documentation/>.
For help, type "help".
Type "apropos word" to search for commands related to "word"...
Reading symbols from a.out...done.
(gdb) b main
Breakpoint 1 at 0x8ad: file p6original.c, line 33.
(gdb) r
Starting program: /home/runner/pps-IA1-practice/a.out 
warning: Error disabling address space randomization: Operation not permitted

Breakpoint 1, main () at p6original.c:33
33    {
(gdb) n
35      input_two_string(a,b);
(gdb) s
input_two_string (a=0x7fffb317ae10 "\awS\244&\177", b=0x7fffb317ae80 "")
    at p6original.c:14
14      printf("Enter the two strings \n");
(gdb) n
Enter the two strings 
15      scanf("%s%s",a,b);
(gdb) n
hello world 
16    }
(gdb) n
main () at p6original.c:36
36      int result=str_cmp(a,b);
(gdb) s
str_cmp (a=0x7fffb317ae10 "hello", b=0x7fffb317ae80 "world") at p6original.c:20
20      for(i = 0;a[i]==b[i]&&b[i] != '\0';i++);
(gdb) n
21        return a[i]-b[i];
(gdb) n
22    }
(gdb) n
main () at p6original.c:37
37      output(a,b,result);
(gdb) s
output (a=0x7fffb317ae10 "hello", b=0x7fffb317ae80 "world", result=-15)
    at p6original.c:25
25      if(result<0)
(gdb) n
26        printf("%s is greater than %s\n",b,a);
(gdb) n
world is greater than hello
31    }
(gdb) n
main () at p6original.c:38
38      return 0;
(gdb) c
Continuing.
[Inferior 1 (process 654) exited normally]
(gdb) 